<html>
<body>
<pre>
<h1>µVision Build Log</h1>
<h2>Project:</h2>
C:\Users\lenovo\Desktop\ÖÇÄÜÈ¼ÆøÖÕ¶Ë433°æ±¾11.23\Project\RVMDK£¨uv4£©\iSO-STM32.uvproj
Project File Date:  12/13/2016

<h2>Output:</h2>
Build target 'USART1£¨interrupt£©'
assembling startup_stm32f10x_hd.s...
compiling core_cm3.c...
compiling system_stm32f10x.c...
compiling misc.c...
compiling stm32f10x_adc.c...
compiling stm32f10x_bkp.c...
compiling stm32f10x_can.c...
compiling stm32f10x_cec.c...
compiling stm32f10x_crc.c...
compiling stm32f10x_dac.c...
compiling stm32f10x_dbgmcu.c...
compiling stm32f10x_dma.c...
compiling stm32f10x_exti.c...
compiling stm32f10x_flash.c...
compiling stm32f10x_fsmc.c...
compiling stm32f10x_gpio.c...
compiling stm32f10x_i2c.c...
compiling stm32f10x_iwdg.c...
compiling stm32f10x_pwr.c...
compiling stm32f10x_rcc.c...
compiling stm32f10x_rtc.c...
compiling stm32f10x_sdio.c...
compiling stm32f10x_spi.c...
compiling stm32f10x_tim.c...
compiling stm32f10x_usart.c...
compiling stm32f10x_wwdg.c...
compiling main.c...
..\..\User\main.c(279): warning:  #61-D: integer operation result is out of range
..\..\User\main.c(279): warning:  #188-D: enumerated type mixed with another type
..\..\User\main.c(280): warning:  #188-D: enumerated type mixed with another type
..\..\User\main.c(224): warning:  #177-D: variable "TimCount_Current" was declared but never referenced
compiling stm32f10x_it.c...
..\..\User\stm32f10x_it.c(334): warning:  #550-D: variable "i" was set but never used
compiling bsp_TiMbase.c...
compiling bsp_usart.c...
compiling bsp_SysTick.c...
compiling gprs.c...
..\..\User\gprs\gprs.c(378): warning:  #177-D: variable "PayloadLen" was declared but never referenced
..\..\User\gprs\gprs.c(379): warning:  #177-D: variable "CrcVerify" was declared but never referenced
..\..\User\gprs\gprs.c(380): warning:  #177-D: variable "CrcRecev" was declared but never referenced
..\..\User\gprs\gprs.c(843): warning:  #186-D: pointless comparison of unsigned integer with zero
..\..\User\gprs\gprs.c(770): warning:  #177-D: variable "CharArry" was declared but never referenced
..\..\User\gprs\gprs.c(771): warning:  #177-D: variable "length" was declared but never referenced
..\..\User\gprs\gprs.c(773): warning:  #177-D: variable "LTemp" was declared but never referenced
..\..\User\gprs\gprs.c(775): warning:  #177-D: variable "i" was declared but never referenced
compiling bsp_rtc.c...
compiling bsp_date.c...
compiling WatchDog.c...
compiling AiderProtocol.c...
..\..\User\Aider_Data_Protocol\AiderProtocol.c(180): warning:  #940-D: missing return statement at end of non-void function "UploadFlash"
..\..\User\Aider_Data_Protocol\AiderProtocol.c(52): warning:  #177-D: variable "j" was declared but never referenced
..\..\User\Aider_Data_Protocol\AiderProtocol.c(53): warning:  #177-D: variable "Counter" was declared but never referenced
..\..\User\Aider_Data_Protocol\AiderProtocol.c(217): warning:  #188-D: enumerated type mixed with another type
..\..\User\Aider_Data_Protocol\AiderProtocol.c(342): warning:  #188-D: enumerated type mixed with another type
..\..\User\Aider_Data_Protocol\AiderProtocol.c(346): warning:  #188-D: enumerated type mixed with another type
..\..\User\Aider_Data_Protocol\AiderProtocol.c(361): warning:  #188-D: enumerated type mixed with another type
..\..\User\Aider_Data_Protocol\AiderProtocol.c(362): warning:  #188-D: enumerated type mixed with another type
..\..\User\Aider_Data_Protocol\AiderProtocol.c(383): warning:  #188-D: enumerated type mixed with another type
..\..\User\Aider_Data_Protocol\AiderProtocol.c(394): warning:  #188-D: enumerated type mixed with another type
..\..\User\Aider_Data_Protocol\AiderProtocol.c(280): warning:  #177-D: variable "DevType" was declared but never referenced
..\..\User\Aider_Data_Protocol\AiderProtocol.c(507): warning:  #188-D: enumerated type mixed with another type
..\..\User\Aider_Data_Protocol\AiderProtocol.c(481): warning:  #177-D: variable "DevType" was declared but never referenced
..\..\User\Aider_Data_Protocol\AiderProtocol.c(610): warning:  #188-D: enumerated type mixed with another type
..\..\User\Aider_Data_Protocol\AiderProtocol.c(615): warning:  #188-D: enumerated type mixed with another type
..\..\User\Aider_Data_Protocol\AiderProtocol.c(630): warning:  #61-D: integer operation result is out of range
..\..\User\Aider_Data_Protocol\AiderProtocol.c(750): warning:  #188-D: enumerated type mixed with another type
..\..\User\Aider_Data_Protocol\AiderProtocol.c(755): warning:  #188-D: enumerated type mixed with another type
..\..\User\Aider_Data_Protocol\AiderProtocol.c(770): warning:  #61-D: integer operation result is out of range
..\..\User\Aider_Data_Protocol\AiderProtocol.c(1052): warning:  #188-D: enumerated type mixed with another type
..\..\User\Aider_Data_Protocol\AiderProtocol.c(1141): warning:  #188-D: enumerated type mixed with another type
..\..\User\Aider_Data_Protocol\AiderProtocol.c(1204): warning:  #188-D: enumerated type mixed with another type
..\..\User\Aider_Data_Protocol\AiderProtocol.c(1229): warning:  #188-D: enumerated type mixed with another type
..\..\User\Aider_Data_Protocol\AiderProtocol.c(1251): warning:  #188-D: enumerated type mixed with another type
..\..\User\Aider_Data_Protocol\AiderProtocol.c(1282): warning:  #188-D: enumerated type mixed with another type
..\..\User\Aider_Data_Protocol\AiderProtocol.c(1306): warning:  #188-D: enumerated type mixed with another type
..\..\User\Aider_Data_Protocol\AiderProtocol.c(1327): warning:  #188-D: enumerated type mixed with another type
..\..\User\Aider_Data_Protocol\AiderProtocol.c(1349): warning:  #188-D: enumerated type mixed with another type
..\..\User\Aider_Data_Protocol\AiderProtocol.c(1372): warning:  #188-D: enumerated type mixed with another type
compiling Flash.c...
compiling 433_Wiminet.c...
..\..\User\433_Wiminet\433_Wiminet.c(302): warning:  #177-D: variable "temp_arry" was declared but never referenced
compiling API-Platform.c...
compiling common.c...
compiling DS2780.c...
..\..\User\DS2780\DS2780.c(42): warning:  #550-D: variable "dats1" was set but never used
..\..\User\DS2780\DS2780.c(42): warning:  #550-D: variable "dats3" was set but never used
compiling modbus.c...
..\..\User\modbus\modbus.c(174): warning:  #550-D: variable "DataArry" was set but never used
compiling test.c...
..\..\User\test\test.c(47): warning:  #167-D: argument of type "char *" is incompatible with parameter of type "u8 *"
..\..\User\test\test.c(48): warning:  #167-D: argument of type "char *" is incompatible with parameter of type "u8 *"
..\..\User\test\test.c(49): warning:  #167-D: argument of type "char *" is incompatible with parameter of type "u8 *"
compiling sensor-adc.c...
compiling SensorInit.c...
linking...
Program Size: Code=26968 RO-data=596 RW-data=160 ZI-data=5200  
FromELF: creating hex file...
"..\..\Output\Template.axf" - 0 Errors, 49 Warning(s).
Build target 'USART1£¨interrupt£©'
compiling test.c...
..\..\User\test\test.c(49): warning:  #167-D: argument of type "char *" is incompatible with parameter of type "u8 *"
..\..\User\test\test.c(50): warning:  #167-D: argument of type "char *" is incompatible with parameter of type "u8 *"
..\..\User\test\test.c(51): warning:  #167-D: argument of type "char *" is incompatible with parameter of type "u8 *"
..\..\User\test\test.c(103): warning:  #61-D: integer operation result is out of range
..\..\User\test\test.c(103): warning:  #188-D: enumerated type mixed with another type
..\..\User\test\test.c(104): warning:  #188-D: enumerated type mixed with another type
linking...
Program Size: Code=26968 RO-data=596 RW-data=160 ZI-data=5200  
FromELF: creating hex file...
"..\..\Output\Template.axf" - 0 Errors, 6 Warning(s).
Build target 'USART1£¨interrupt£©'
compiling main.c...
..\..\User\main.c(279): warning:  #61-D: integer operation result is out of range
..\..\User\main.c(279): warning:  #188-D: enumerated type mixed with another type
..\..\User\main.c(280): warning:  #188-D: enumerated type mixed with another type
..\..\User\main.c(224): warning:  #177-D: variable "TimCount_Current" was declared but never referenced
compiling gprs.c...
..\..\User\gprs\gprs.c(378): warning:  #177-D: variable "PayloadLen" was declared but never referenced
..\..\User\gprs\gprs.c(379): warning:  #177-D: variable "CrcVerify" was declared but never referenced
..\..\User\gprs\gprs.c(380): warning:  #177-D: variable "CrcRecev" was declared but never referenced
..\..\User\gprs\gprs.c(843): warning:  #186-D: pointless comparison of unsigned integer with zero
..\..\User\gprs\gprs.c(770): warning:  #177-D: variable "CharArry" was declared but never referenced
..\..\User\gprs\gprs.c(771): warning:  #177-D: variable "length" was declared but never referenced
..\..\User\gprs\gprs.c(773): warning:  #177-D: variable "LTemp" was declared but never referenced
..\..\User\gprs\gprs.c(775): warning:  #177-D: variable "i" was declared but never referenced
compiling test.c...
..\..\User\test\test.c(49): warning:  #167-D: argument of type "char *" is incompatible with parameter of type "u8 *"
..\..\User\test\test.c(50): warning:  #167-D: argument of type "char *" is incompatible with parameter of type "u8 *"
..\..\User\test\test.c(51): warning:  #167-D: argument of type "char *" is incompatible with parameter of type "u8 *"
..\..\User\test\test.c(103): warning:  #61-D: integer operation result is out of range
..\..\User\test\test.c(103): warning:  #188-D: enumerated type mixed with another type
..\..\User\test\test.c(104): warning:  #188-D: enumerated type mixed with another type
compiling SensorInit.c...
linking...
Program Size: Code=27240 RO-data=596 RW-data=160 ZI-data=5200  
FromELF: creating hex file...
"..\..\Output\Template.axf" - 0 Errors, 18 Warning(s).
Build target 'USART1£¨interrupt£©'
linking...
Program Size: Code=27240 RO-data=596 RW-data=160 ZI-data=5200  
FromELF: creating hex file...
"..\..\Output\Template.axf" - 0 Errors, 0 Warning(s).
